Last login: Mon Oct  5 21:32:44 on ttys000

The default interactive shell is now zsh.
To update your account to use zsh, please run `chsh -s /bin/zsh`.
For more details, please visit https://support.apple.com/kb/HT208050.
Dianas-iMac:~ dianaliu$ ssh dialiu@146.245.252.28
Access to Brooklyn College computers is restricted to authorized users
        and approved educational and research purposes, only.
dialiu@146.245.252.28's password: 
Last login: Mon Oct  5 21:27:03 2020 from cpe-66-65-66-177.si.res.rr.com
[dialiu@sol28 ~]$ ls
example  LinkedList.java  Node.class  README.md  RepoMeta
[dialiu@sol28 ~]$ cd example
[dialiu@sol28 example]$ ls
example  hello-world.git  LinkedList.java  myscript1  myscript.sh  Node.class  output.txt  Pokemon.csv  Pokemon.txt
[dialiu@sol28 example]$ cd -
/users1/st/dialiu
[dialiu@sol28 ~]$ ls
example  LinkedList.java  Node.class  README.md  RepoMeta
[dialiu@sol28 ~]$ /usr/bin/script ~/Desktop/Terminal.log
script: cannot open /users1/st/dialiu/Desktop/Terminal.log: No such file or directory
Terminated
[dialiu@sol28 ~]$ cd RepoMeta
[dialiu@sol28 RepoMeta]$ ls
conf  db  format  hooks  locks  README.txt  Repo2  RepoMeta.git  trunk
[dialiu@sol28 RepoMeta]$ #!/bin/sh
[dialiu@sol28 RepoMeta]$ repo_name=$1
[dialiu@sol28 RepoMeta]$ test -z $repo_name && echo "Repo2" 1>&2 && exit 1
Repo2
logout
Connection to 146.245.252.28 closed.
Dianas-iMac:~ dianaliu$ curl -u 'dli0036' https://api.github.com/user/repos -d "{\"name\":\"4repo_name\"}"
Enter host password for user 'dli0036':
{
  "id": 301584450,
  "node_id": "MDEwOlJlcG9zaXRvcnkzMDE1ODQ0NTA=",
  "name": "4repo_name",
  "full_name": "dli0036/4repo_name",
  "private": false,
  "owner": {
    "login": "dli0036",
    "id": 46689969,
    "node_id": "MDQ6VXNlcjQ2Njg5OTY5",
    "avatar_url": "https://avatars3.githubusercontent.com/u/46689969?v=4",
    "gravatar_id": "",
    "url": "https://api.github.com/users/dli0036",
    "html_url": "https://github.com/dli0036",
    "followers_url": "https://api.github.com/users/dli0036/followers",
    "following_url": "https://api.github.com/users/dli0036/following{/other_user}",
    "gists_url": "https://api.github.com/users/dli0036/gists{/gist_id}",
    "starred_url": "https://api.github.com/users/dli0036/starred{/owner}{/repo}",
    "subscriptions_url": "https://api.github.com/users/dli0036/subscriptions",
    "organizations_url": "https://api.github.com/users/dli0036/orgs",
    "repos_url": "https://api.github.com/users/dli0036/repos",
    "events_url": "https://api.github.com/users/dli0036/events{/privacy}",
    "received_events_url": "https://api.github.com/users/dli0036/received_events",
    "type": "User",
    "site_admin": false
  },
  "html_url": "https://github.com/dli0036/4repo_name",
  "description": null,
  "fork": false,
  "url": "https://api.github.com/repos/dli0036/4repo_name",
  "forks_url": "https://api.github.com/repos/dli0036/4repo_name/forks",
  "keys_url": "https://api.github.com/repos/dli0036/4repo_name/keys{/key_id}",
  "collaborators_url": "https://api.github.com/repos/dli0036/4repo_name/collaborators{/collaborator}",
  "teams_url": "https://api.github.com/repos/dli0036/4repo_name/teams",
  "hooks_url": "https://api.github.com/repos/dli0036/4repo_name/hooks",
  "issue_events_url": "https://api.github.com/repos/dli0036/4repo_name/issues/events{/number}",
  "events_url": "https://api.github.com/repos/dli0036/4repo_name/events",
  "assignees_url": "https://api.github.com/repos/dli0036/4repo_name/assignees{/user}",
  "branches_url": "https://api.github.com/repos/dli0036/4repo_name/branches{/branch}",
  "tags_url": "https://api.github.com/repos/dli0036/4repo_name/tags",
  "blobs_url": "https://api.github.com/repos/dli0036/4repo_name/git/blobs{/sha}",
  "git_tags_url": "https://api.github.com/repos/dli0036/4repo_name/git/tags{/sha}",
  "git_refs_url": "https://api.github.com/repos/dli0036/4repo_name/git/refs{/sha}",
  "trees_url": "https://api.github.com/repos/dli0036/4repo_name/git/trees{/sha}",
  "statuses_url": "https://api.github.com/repos/dli0036/4repo_name/statuses/{sha}",
  "languages_url": "https://api.github.com/repos/dli0036/4repo_name/languages",
  "stargazers_url": "https://api.github.com/repos/dli0036/4repo_name/stargazers",
  "contributors_url": "https://api.github.com/repos/dli0036/4repo_name/contributors",
  "subscribers_url": "https://api.github.com/repos/dli0036/4repo_name/subscribers",
  "subscription_url": "https://api.github.com/repos/dli0036/4repo_name/subscription",
  "commits_url": "https://api.github.com/repos/dli0036/4repo_name/commits{/sha}",
  "git_commits_url": "https://api.github.com/repos/dli0036/4repo_name/git/commits{/sha}",
  "comments_url": "https://api.github.com/repos/dli0036/4repo_name/comments{/number}",
  "issue_comment_url": "https://api.github.com/repos/dli0036/4repo_name/issues/comments{/number}",
  "contents_url": "https://api.github.com/repos/dli0036/4repo_name/contents/{+path}",
  "compare_url": "https://api.github.com/repos/dli0036/4repo_name/compare/{base}...{head}",
  "merges_url": "https://api.github.com/repos/dli0036/4repo_name/merges",
  "archive_url": "https://api.github.com/repos/dli0036/4repo_name/{archive_format}{/ref}",
  "downloads_url": "https://api.github.com/repos/dli0036/4repo_name/downloads",
  "issues_url": "https://api.github.com/repos/dli0036/4repo_name/issues{/number}",
  "pulls_url": "https://api.github.com/repos/dli0036/4repo_name/pulls{/number}",
  "milestones_url": "https://api.github.com/repos/dli0036/4repo_name/milestones{/number}",
  "notifications_url": "https://api.github.com/repos/dli0036/4repo_name/notifications{?since,all,participating}",
  "labels_url": "https://api.github.com/repos/dli0036/4repo_name/labels{/name}",
  "releases_url": "https://api.github.com/repos/dli0036/4repo_name/releases{/id}",
  "deployments_url": "https://api.github.com/repos/dli0036/4repo_name/deployments",
  "created_at": "2020-10-06T01:38:03Z",
  "updated_at": "2020-10-06T01:38:03Z",
  "pushed_at": "2020-10-06T01:38:04Z",
  "git_url": "git://github.com/dli0036/4repo_name.git",
  "ssh_url": "git@github.com:dli0036/4repo_name.git",
  "clone_url": "https://github.com/dli0036/4repo_name.git",
  "svn_url": "https://github.com/dli0036/4repo_name",
  "homepage": null,
  "size": 0,
  "stargazers_count": 0,
  "watchers_count": 0,
  "language": null,
  "has_issues": true,
  "has_projects": true,
  "has_downloads": true,
  "has_wiki": true,
  "has_pages": false,
  "forks_count": 0,
  "mirror_url": null,
  "archived": false,
  "disabled": false,
  "open_issues_count": 0,
  "license": null,
  "forks": 0,
  "open_issues": 0,
  "watchers": 0,
  "default_branch": "main",
  "permissions": {
    "admin": true,
    "push": true,
    "pull": true
  },
  "allow_squash_merge": true,
  "allow_merge_commit": true,
  "allow_rebase_merge": true,
  "delete_branch_on_merge": false,
  "network_count": 0,
  "subscribers_count": 1
}
Dianas-iMac:~ dianaliu$ ssh dialiu@146.245.252.28
Access to Brooklyn College computers is restricted to authorized users
        and approved educational and research purposes, only.
dialiu@146.245.252.28's password: 
Last login: Mon Oct  5 21:33:21 2020 from cpe-66-65-66-177.si.res.rr.com
[dialiu@sol28 ~]$ ls
example  LinkedList.java  Node.class  README.md  RepoMeta
[dialiu@sol28 ~]$ cd RepoMeta
[dialiu@sol28 RepoMeta]$ ls
conf  db  format  hooks  locks  README.txt  Repo2  RepoMeta.git  trunk
[dialiu@sol28 RepoMeta]$ cd -
/users1/st/dialiu
[dialiu@sol28 ~]$ ls
example  LinkedList.java  Node.class  README.md  RepoMeta
[dialiu@sol28 ~]$ touch README.md
[dialiu@sol28 ~]$ git init
Reinitialized existing Git repository in /users1/st/dialiu/.git/
[dialiu@sol28 ~]$ git add README.md
[dialiu@sol28 ~]$ git commit -m "first commit"
# On branch master
# Untracked files:
#   (use "git add <file>..." to include in what will be committed)
#
#	.bash_history
#	.bash_profile
#	.bashrc
#	.cache/
#	.gitconfig
#	.linuxbrew/
#	.oracle_jre_usage/
#	.ssh/
#	.subversion/
#	.viminfo
#	RepoMeta/
nothing added to commit but untracked files present (use "git add" to track)
[dialiu@sol28 ~]$ git remote add origin git@github.com:dli0036/<Repo1>.git
-bash: Repo1: No such file or directory
[dialiu@sol28 ~]$ echo "# Repo1" >> README.md
[dialiu@sol28 ~]$ git init
Reinitialized existing Git repository in /users1/st/dialiu/.git/
[dialiu@sol28 ~]$ git add README.md
[dialiu@sol28 ~]$ git commit -m "first commit"
[master cdb424f] first commit
 1 file changed, 1 insertion(+)
[dialiu@sol28 ~]$ git branch -M main
[dialiu@sol28 ~]$ git remote add origin https://github.com/dli0036/Repo1.git
[dialiu@sol28 ~]$ git push -u origin main
ls
Username for 'https://github.com': Password for 'https://ls@github.com': 
remote: Invalid username or password.
fatal: Authentication failed for 'https://github.com/dli0036/Repo1.git/'
[dialiu@sol28 ~]$ ls
example  LinkedList.java  Node.class  README.md  RepoMeta
[dialiu@sol28 ~]$ cd RepoMeta
[dialiu@sol28 RepoMeta]$ ls
conf  db  format  hooks  locks  README.txt  Repo2  RepoMeta.git  trunk
[dialiu@sol28 RepoMeta]$ cd -
/users1/st/dialiu
[dialiu@sol28 ~]$ svn co https://github.com/dli0036.Repo1.git
svn: E175002: Unable to connect to a repository at URL 'https://github.com/dli0036.Repo1.git'
svn: E175002: Server sent unexpected return value (400 Bad Request) in response to OPTIONS request for 'https://github.com/dli0036.Repo1.git'
[dialiu@sol28 ~]$ mkdir Repo1
[dialiu@sol28 ~]$ cd Repo1
[dialiu@sol28 Repo1]$ ls
[dialiu@sol28 Repo1]$ svn co https://github.com/dli0036/Repo1.git
mkdir trunk
Checked out revision 0.
[dialiu@sol28 Repo1]$ mkdir trunk
[dialiu@sol28 Repo1]$ cd trunk
[dialiu@sol28 trunk]$ touch file.txt
[dialiu@sol28 trunk]$ vim file.txt


~                                                                                                                            
~                                                                                                                            
~                                                                                                                            
~                                                                                                                            
~                                                                                                                            
~                                                                                                                            
~                                                                                                                            
~                                                                                                                            
~                                                                                                                            
~                                                                                                                            
~                                                                                                                            
~                                                                                                                            
~                                                                                                                            
~                                                                                                                            
~                                                                                                                            
~                                                                                                                            
~                                                                                                                            
~                                                                                                                            
~                                                                                                                            
~                                                                                                                            
~                                                                                                                            
~                                                                                                                            
~                                                                                                                            
~                                                                                                                            
~                                                                                                                            
~                                                                                                                            
~                                                                                                                            
~                                                                                                                            
~                                                                                                                            
~                                                                                                                            
~                                                                                                                            
~                                                                                                                            
~                                                                                                                            
~                                                                                                                            
~                                                                                                                            
~                                                                                                                            
~                                                                                                                            
~                                                                                                                            
~                                                                                                                            
~                                                                                                                            
~                                                                                                                            
~                                                                                                                            
~                                                                                                                            
~                                                                                                                            
~                                                                                                                            
~                                                                                                                            
~                                                                                                                            
~                                                                                                                            
~                                                                                                                            
~                                                                                                                            
~                                                                                                                            
~                                                                                                                            
~                                                                                                                            
~                                                                                                                            
~                                                                                                                            
~                                                                                                                            
~                                                                                                                            
~                                                                                                                            
"file.txt" 0L, 0C                                                                                                           
